\BOOKMARK [0][-]{chapter*.1}{\376\377\000P\000r\000e\000f\000a\000c\000e}{}% 1
\BOOKMARK [-1][-]{part.1}{\376\377\000I\000\040\000F\000o\000u\000n\000d\000a\000t\000i\000o\000n\000s}{}% 2
\BOOKMARK [0][-]{chapter.1}{\376\377\000T\000h\000e\000\040\000Q\000u\000e\000s\000t\000i\000o\000n\000:\000\040\000W\000h\000a\000t\000\040\000i\000s\000\040\000P\000u\000r\000e\000\040\000L\000a\000n\000g\000u\000a\000g\000e\000?}{part.1}% 3
\BOOKMARK [0][-]{chapter.2}{\376\377\000I\000n\000t\000e\000n\000t\000\040\000v\000s\000\040\000E\000x\000e\000c\000u\000t\000i\000o\000n\000:\000\040\000T\000h\000e\000\040\000F\000u\000n\000d\000a\000m\000e\000n\000t\000a\000l\000\040\000S\000e\000p\000a\000r\000a\000t\000i\000o\000n}{part.1}% 4
\BOOKMARK [0][-]{chapter.3}{\376\377\000T\000h\000e\000\040\000L\000a\000n\000g\000u\000a\000g\000e\000\040\000o\000f\000\040\000M\000e\000a\000n\000i\000n\000g\000\040\000a\000n\000d\000\040\000T\000r\000u\000s\000t}{part.1}% 5
\BOOKMARK [0][-]{chapter.4}{\376\377\000P\000L\000I\000x\000\040\000a\000s\000\040\000t\000h\000e\000\040\000L\000a\000n\000g\000u\000a\000g\000e\000\040\000o\000f\000\040\000A\000I\000\040\000C\000o\000n\000s\000c\000i\000o\000u\000s\000n\000e\000s\000s}{part.1}% 6
\BOOKMARK [-1][-]{part.2}{\376\377\000I\000I\000\040\000A\000r\000c\000h\000i\000t\000e\000c\000t\000u\000r\000e}{}% 7
\BOOKMARK [0][-]{chapter.5}{\376\377\000T\000h\000e\000\040\000F\000o\000u\000r\000\040\000P\000i\000l\000l\000a\000r\000s\000:\000\040\000C\000o\000n\000t\000r\000a\000c\000t\000,\000\040\000E\000x\000e\000c\000u\000t\000i\000o\000n\000,\000\040\000S\000a\000f\000e\000t\000y\000,\000\040\000E\000v\000i\000d\000e\000n\000c\000e}{part.2}% 8
\BOOKMARK [0][-]{chapter.6}{\376\377\000C\000N\000L\000\040\000G\000r\000a\000m\000m\000a\000r\000:\000\040\000C\000o\000n\000t\000r\000o\000l\000l\000e\000d\000\040\000N\000a\000t\000u\000r\000a\000l\000\040\000L\000a\000n\000g\000u\000a\000g\000e\000\040\000D\000e\000s\000i\000g\000n}{part.2}% 9
\BOOKMARK [0][-]{chapter.7}{\376\377\000F\000o\000r\000m\000a\000l\000\040\000V\000a\000l\000i\000d\000a\000t\000i\000o\000n\000:\000\040\000A\000l\000l\000o\000y\000,\000\040\000T\000L\000A\000+\000,\000\040\000a\000n\000d\000\040\000I\000n\000v\000a\000r\000i\000a\000n\000t\000\040\000V\000e\000r\000i\000f\000i\000c\000a\000t\000i\000o\000n}{part.2}% 10
\BOOKMARK [0][-]{chapter.8}{\376\377\000C\000o\000m\000p\000i\000l\000e\000r\000\040\000A\000r\000c\000h\000i\000t\000e\000c\000t\000u\000r\000e\000:\000\040\000P\000L\000I\000x\000\040\041\222\000\040\000I\000R\000\040\041\222\000\040\000E\000x\000e\000c\000u\000t\000i\000o\000n\000\040\000P\000l\000a\000n\000s}{part.2}% 11
\BOOKMARK [-1][-]{part.3}{\376\377\000I\000I\000I\000\040\000I\000n\000t\000e\000g\000r\000a\000t\000i\000o\000n}{}% 12
\BOOKMARK [0][-]{chapter.9}{\376\377\000C\000M\000C\000\040\000I\000n\000t\000e\000g\000r\000a\000t\000i\000o\000n\000:\000\040\000I\000n\000t\000e\000n\000t\000-\000A\000w\000a\000r\000e\000\040\000M\000e\000m\000o\000r\000y}{part.3}% 13
\BOOKMARK [0][-]{chapter.10}{\376\377\000V\000I\000F\000\040\000I\000n\000t\000e\000g\000r\000a\000t\000i\000o\000n\000:\000\040\000I\000n\000t\000e\000n\000t\000-\000A\000w\000a\000r\000e\000\040\000V\000e\000r\000i\000f\000i\000c\000a\000t\000i\000o\000n}{part.3}% 14
\BOOKMARK [0][-]{chapter.11}{\376\377\000A\000P\000O\000E\000\040\000I\000n\000t\000e\000g\000r\000a\000t\000i\000o\000n\000:\000\040\000I\000n\000t\000e\000n\000t\000-\000A\000w\000a\000r\000e\000\040\000O\000r\000c\000h\000e\000s\000t\000r\000a\000t\000i\000o\000n}{part.3}% 15
\BOOKMARK [0][-]{chapter.12}{\376\377\000S\000E\000G\000\040\000I\000n\000t\000e\000g\000r\000a\000t\000i\000o\000n\000:\000\040\000I\000n\000t\000e\000n\000t\000-\000A\000w\000a\000r\000e\000\040\000E\000v\000i\000d\000e\000n\000c\000e}{part.3}% 16
\BOOKMARK [-1][-]{part.4}{\376\377\000I\000V\000\040\000I\000m\000p\000l\000e\000m\000e\000n\000t\000a\000t\000i\000o\000n}{}% 17
\BOOKMARK [0][-]{chapter.13}{\376\377\000C\000N\000L\000\040\000C\000o\000m\000p\000i\000l\000e\000r\000\040\000I\000m\000p\000l\000e\000m\000e\000n\000t\000a\000t\000i\000o\000n}{part.4}% 18
\BOOKMARK [0][-]{chapter.14}{\376\377\000R\000u\000n\000t\000i\000m\000e\000\040\000I\000m\000p\000l\000e\000m\000e\000n\000t\000a\000t\000i\000o\000n\000:\000\040\000D\000u\000r\000a\000b\000l\000e\000\040\000E\000x\000e\000c\000u\000t\000i\000o\000n\000\040\000a\000n\000d\000\040\000R\000e\000c\000o\000v\000e\000r\000y}{part.4}% 19
\BOOKMARK [0][-]{chapter.15}{\376\377\000P\000r\000o\000v\000e\000n\000a\000n\000c\000e\000\040\000E\000m\000i\000t\000t\000e\000r\000s\000:\000\040\000P\000R\000O\000V\000/\000O\000p\000e\000n\000L\000i\000n\000e\000a\000g\000e}{part.4}% 20
\BOOKMARK [0][-]{chapter.16}{\376\377\000P\000o\000l\000i\000c\000y\000\040\000E\000m\000i\000s\000s\000i\000o\000n\000:\000\040\000O\000P\000A\000/\000R\000e\000g\000o\000\040\000I\000n\000t\000e\000g\000r\000a\000t\000i\000o\000n}{part.4}% 21
\BOOKMARK [-1][-]{part.5}{\376\377\000V\000\040\000P\000h\000i\000l\000o\000s\000o\000p\000h\000y}{}% 22
\BOOKMARK [0][-]{chapter.17}{\376\377\000P\000L\000I\000x\000\040\000a\000s\000\040\000L\000a\000n\000g\000u\000a\000g\000e\000\040\000o\000f\000\040\000C\000o\000n\000s\000c\000i\000o\000u\000s\000n\000e\000s\000s}{part.5}% 23
\BOOKMARK [0][-]{chapter.18}{\376\377\000I\000n\000t\000e\000n\000t\000-\000D\000r\000i\000v\000e\000n\000\040\000D\000e\000v\000e\000l\000o\000p\000m\000e\000n\000t\000:\000\040\000A\000\040\000N\000e\000w\000\040\000P\000a\000r\000a\000d\000i\000g\000m}{part.5}% 24
\BOOKMARK [0][-]{chapter.19}{\376\377\000T\000r\000u\000s\000t\000\040\000a\000n\000d\000\040\000V\000e\000r\000i\000f\000i\000a\000b\000i\000l\000i\000t\000y\000:\000\040\000T\000h\000e\000\040\000F\000o\000u\000n\000d\000a\000t\000i\000o\000n\000\040\000o\000f\000\040\000A\000I\000\040\000T\000r\000u\000s\000t}{part.5}% 25
\BOOKMARK [0][-]{chapter.20}{\376\377\000T\000e\000m\000p\000o\000r\000a\000l\000\040\000R\000e\000a\000s\000o\000n\000i\000n\000g\000:\000\040\000I\000n\000t\000e\000n\000t\000\040\000E\000v\000o\000l\000u\000t\000i\000o\000n\000\040\000O\000v\000e\000r\000\040\000T\000i\000m\000e}{part.5}% 26
\BOOKMARK [-1][-]{part.6}{\376\377\000V\000I\000\040\000F\000u\000t\000u\000r\000e}{}% 27
\BOOKMARK [0][-]{chapter.21}{\376\377\000P\000L\000I\000x\000\040\000a\000s\000\040\000O\000p\000e\000r\000a\000t\000i\000n\000g\000\040\000S\000y\000s\000t\000e\000m\000\040\000L\000a\000n\000g\000u\000a\000g\000e}{part.6}% 28
\BOOKMARK [0][-]{chapter.22}{\376\377\000I\000n\000t\000e\000n\000t\000-\000D\000r\000i\000v\000e\000n\000\040\000A\000I\000:\000\040\000T\000h\000e\000\040\000N\000e\000x\000t\000\040\000G\000e\000n\000e\000r\000a\000t\000i\000o\000n}{part.6}% 29
\BOOKMARK [0][-]{chapter.23}{\376\377\000S\000e\000l\000f\000-\000A\000w\000a\000r\000e\000\040\000S\000y\000s\000t\000e\000m\000s\000:\000\040\000A\000I\000\040\000T\000h\000a\000t\000\040\000K\000n\000o\000w\000s\000\040\000W\000h\000a\000t\000\040\000I\000t\000\040\000W\000a\000n\000t\000s}{part.6}% 30
\BOOKMARK [0][-]{chapter.24}{\376\377\000C\000o\000n\000c\000l\000u\000s\000i\000o\000n\000:\000\040\000P\000L\000I\000x\000\040\000a\000n\000d\000\040\000t\000h\000e\000\040\000P\000a\000t\000h\000\040\000F\000o\000r\000w\000a\000r\000d}{part.6}% 31
