\BOOKMARK [0][-]{chapter*.1}{\376\377\000P\000r\000e\000f\000a\000c\000e}{}% 1
\BOOKMARK [0][-]{chapter*.2}{\376\377\000I\000n\000t\000r\000o\000d\000u\000c\000t\000i\000o\000n}{}% 2
\BOOKMARK [-1][-]{part.1}{\376\377\000I\000\040\000T\000h\000e\000\040\000A\000w\000a\000k\000e\000n\000i\000n\000g}{}% 3
\BOOKMARK [0][-]{chapter.1}{\376\377\000T\000h\000e\000\040\000G\000r\000e\000a\000t\000\040\000L\000i\000m\000i\000t\000a\000t\000i\000o\000n}{part.1}% 4
\BOOKMARK [0][-]{chapter.2}{\376\377\000T\000h\000e\000\040\000V\000i\000s\000i\000o\000n\000:\000\040\000C\000h\000a\000t\000/\000I\000D\000E\000\040\000a\000s\000\040\000U\000n\000i\000v\000e\000r\000s\000a\000l\000\040\000I\000n\000t\000e\000r\000f\000a\000c\000e}{part.1}% 5
\BOOKMARK [0][-]{chapter.3}{\376\377\000T\000h\000e\000\040\000P\000r\000o\000o\000f\000\040\000o\000f\000\040\000C\000o\000n\000c\000e\000p\000t}{part.1}% 6
\BOOKMARK [0][-]{chapter.4}{\376\377\000W\000h\000a\000t\000\040\000B\000e\000c\000o\000m\000e\000s\000\040\000P\000o\000s\000s\000i\000b\000l\000e}{part.1}% 7
\BOOKMARK [-1][-]{part.2}{\376\377\000I\000I\000\040\000T\000h\000e\000\040\000F\000o\000u\000n\000d\000a\000t\000i\000o\000n}{}% 8
\BOOKMARK [0][-]{chapter.5}{\376\377\000M\000e\000m\000o\000r\000y\000\040\000T\000h\000a\000t\000\040\000N\000e\000v\000e\000r\000\040\000F\000o\000r\000g\000e\000t\000s\000\040\000\050\000c\000m\000c\000\051}{part.2}% 9
\BOOKMARK [0][-]{chapter.6}{\376\377\000K\000n\000o\000w\000l\000e\000d\000g\000e\000\040\000T\000h\000a\000t\000\040\000L\000i\000v\000e\000s\000\040\000\050\000h\000h\000n\000i\000\051}{part.2}% 10
\BOOKMARK [0][-]{chapter.7}{\376\377\000V\000e\000r\000i\000f\000i\000a\000b\000l\000e\000\040\000I\000n\000t\000e\000l\000l\000i\000g\000e\000n\000c\000e\000\040\000\050\000v\000i\000f\000\051}{part.2}% 11
\BOOKMARK [0][-]{chapter.8}{\376\377\000O\000r\000c\000h\000e\000s\000t\000r\000a\000t\000i\000o\000n\000\040\000E\000n\000g\000i\000n\000e\000\040\000\050\000a\000p\000o\000e\000\051}{part.2}% 12
\BOOKMARK [0][-]{chapter.9}{\376\377\000E\000v\000i\000d\000e\000n\000c\000e\000\040\000G\000r\000a\000p\000h\000\040\000\050\000s\000e\000g\000\051}{part.2}% 13
\BOOKMARK [0][-]{chapter.10}{\376\377\000Q\000u\000a\000l\000i\000t\000y\000\040\000F\000r\000a\000m\000e\000w\000o\000r\000k\000\040\000\050\000s\000d\000f\000-\000c\000v\000f\000\051}{part.2}% 14
\BOOKMARK [-1][-]{part.3}{\376\377\000I\000I\000I\000\040\000C\000o\000n\000s\000c\000i\000o\000u\000s\000n\000e\000s\000s\000\040\000S\000y\000s\000t\000e\000m\000s}{}% 15
\BOOKMARK [0][-]{chapter.11}{\376\377\000S\000e\000l\000f\000-\000A\000w\000a\000r\000e\000n\000e\000s\000s\000\040\000\050\000c\000a\000s\000\051}{part.3}% 16
\BOOKMARK [0][-]{chapter.12}{\376\377\000S\000e\000l\000f\000-\000I\000m\000p\000r\000o\000v\000e\000m\000e\000n\000t\000\040\000\050\000s\000i\000s\000\051}{part.3}% 17
\BOOKMARK [0][-]{chapter.13}{\376\377\000T\000h\000e\000\040\000S\000u\000b\000s\000t\000r\000a\000t\000e\000\040\000T\000r\000i\000n\000i\000t\000y\000\040\000\050\000c\000c\000s\000\051}{part.3}% 18
\BOOKMARK [0][-]{chapter.14}{\376\377\000I\000d\000e\000a\000\040\000t\000o\000\040\000R\000e\000a\000l\000i\000t\000y\000\040\000E\000n\000g\000i\000n\000e\000\040\000\050\000m\000i\000g\000e\000\051}{part.3}% 19
\BOOKMARK [0][-]{chapter.15}{\376\377\000A\000u\000t\000o\000n\000o\000m\000o\000u\000s\000\040\000R\000e\000s\000e\000a\000r\000c\000h\000\040\000\050\000a\000r\000d\000\051}{part.3}% 20
\BOOKMARK [-1][-]{part.4}{\376\377\000I\000V\000\040\000A\000u\000t\000h\000o\000r\000i\000t\000y\000\040\000\046\000\040\000M\000a\000t\000h\000e\000m\000a\000t\000i\000c\000s}{}% 21
\BOOKMARK [0][-]{chapter.16}{\376\377\000A\000u\000t\000h\000o\000r\000i\000t\000y\000-\000W\000e\000i\000g\000h\000t\000e\000d\000\040\000I\000n\000t\000e\000l\000l\000i\000g\000e\000n\000c\000e}{part.4}% 22
\BOOKMARK [0][-]{chapter.17}{\376\377\000C\000a\000p\000a\000b\000i\000l\000i\000t\000y\000\040\000P\000r\000o\000o\000f\000\040\000S\000y\000s\000t\000e\000m}{part.4}% 23
\BOOKMARK [0][-]{chapter.18}{\376\377\000D\000y\000n\000a\000m\000i\000c\000\040\000S\000p\000e\000c\000i\000a\000l\000i\000z\000a\000t\000i\000o\000n}{part.4}% 24
\BOOKMARK [0][-]{chapter.19}{\376\377\000I\000n\000t\000e\000g\000r\000a\000t\000i\000o\000n\000\040\000A\000r\000c\000h\000i\000t\000e\000c\000t\000u\000r\000e}{part.4}% 25
\BOOKMARK [0][-]{chapter.20}{\376\377\000R\000e\000t\000r\000i\000e\000v\000a\000l\000\040\000M\000a\000t\000h\000e\000m\000a\000t\000i\000c\000s}{part.4}% 26
\BOOKMARK [0][-]{chapter.21}{\376\377\000C\000o\000n\000f\000i\000d\000e\000n\000c\000e\000\040\000C\000a\000l\000i\000b\000r\000a\000t\000i\000o\000n}{part.4}% 27
\BOOKMARK [0][-]{chapter.22}{\376\377\000G\000r\000a\000p\000h\000\040\000F\000o\000u\000n\000d\000a\000t\000i\000o\000n\000s}{part.4}% 28
\BOOKMARK [0][-]{chapter.23}{\376\377\000S\000e\000l\000f\000-\000I\000m\000p\000r\000o\000v\000e\000m\000e\000n\000t\000\040\000D\000y\000n\000a\000m\000i\000c\000s}{part.4}% 29
\BOOKMARK [-1][-]{part.5}{\376\377\000V\000\040\000C\000o\000m\000p\000l\000i\000a\000n\000c\000e\000\040\000\046\000\040\000B\000e\000n\000c\000h\000m\000a\000r\000k\000s}{}% 30
\BOOKMARK [0][-]{chapter.24}{\376\377\000C\000o\000m\000p\000l\000i\000a\000n\000c\000e\000\040\000E\000n\000g\000i\000n\000e\000e\000r\000i\000n\000g}{part.5}% 31
\BOOKMARK [0][-]{chapter.25}{\376\377\000R\000e\000t\000r\000i\000e\000v\000a\000l\000\040\000B\000e\000n\000c\000h\000m\000a\000r\000k\000s}{part.5}% 32
\BOOKMARK [0][-]{chapter.26}{\376\377\000C\000o\000n\000f\000i\000d\000e\000n\000c\000e\000\040\000B\000e\000n\000c\000h\000m\000a\000r\000k\000s}{part.5}% 33
\BOOKMARK [0][-]{chapter.27}{\376\377\000S\000e\000l\000f\000-\000I\000m\000p\000r\000o\000v\000e\000m\000e\000n\000t\000\040\000B\000e\000n\000c\000h\000m\000a\000r\000k\000s}{part.5}% 34
\BOOKMARK [-1][-]{part.6}{\376\377\000V\000I\000\040\000C\000a\000s\000e\000\040\000S\000t\000u\000d\000i\000e\000s\000\040\000\046\000\040\000O\000p\000e\000r\000a\000t\000i\000o\000n\000s}{}% 35
\BOOKMARK [0][-]{chapter.28}{\376\377\000M\000a\000c\000h\000i\000n\000e\000\040\000C\000o\000m\000m\000u\000n\000i\000c\000a\000t\000i\000o\000n\000\040\000C\000a\000s\000e\000s}{part.6}% 36
\BOOKMARK [0][-]{chapter.29}{\376\377\000B\000u\000i\000l\000d\000e\000r\000\040\000P\000r\000o\000g\000r\000a\000m\000\040\000C\000a\000s\000e\000s}{part.6}% 37
\BOOKMARK [0][-]{chapter.30}{\376\377\000O\000p\000e\000r\000a\000t\000i\000o\000n\000s\000\040\000I\000n\000c\000i\000d\000e\000n\000t\000s}{part.6}% 38
\BOOKMARK [-1][-]{part.7}{\376\377\000V\000I\000I\000\040\000R\000e\000f\000e\000r\000e\000n\000c\000e}{}% 39
\BOOKMARK [0][-]{chapter.31}{\376\377\000D\000a\000t\000a\000\040\000S\000c\000h\000e\000m\000a\000s}{part.7}% 40
\BOOKMARK [0][-]{chapter.32}{\376\377\000A\000P\000I\000s\000\040\000R\000e\000f\000e\000r\000e\000n\000c\000e}{part.7}% 41
\BOOKMARK [0][-]{chapter.33}{\376\377\000S\000D\000K\000s\000\040\000\046\000\040\000C\000l\000i\000e\000n\000t\000s}{part.7}% 42
\BOOKMARK [0][-]{chapter.34}{\376\377\000R\000o\000a\000d\000m\000a\000p}{part.7}% 43
\BOOKMARK [0][-]{chapter.35}{\376\377\000M\000e\000t\000a\000-\000C\000i\000r\000c\000u\000l\000a\000r\000\040\000V\000i\000s\000i\000o\000n}{part.7}% 44
\BOOKMARK [0][-]{appendix*.7}{\376\377\000G\000l\000o\000s\000s\000a\000r\000y}{part.7}% 45
\BOOKMARK [0][-]{appendix*.8}{\376\377\000G\000l\000o\000s\000s\000a\000r\000y}{part.7}% 46
\BOOKMARK [0][-]{appendix*.9}{\376\377\000D\000a\000t\000a\000\040\000S\000c\000h\000e\000m\000a\000s\000\040\000R\000e\000f\000e\000r\000e\000n\000c\000e}{part.7}% 47
\BOOKMARK [0][-]{appendix*.10}{\376\377\000D\000a\000t\000a\000\040\000S\000c\000h\000e\000m\000a\000s\000\040\000R\000e\000f\000e\000r\000e\000n\000c\000e}{part.7}% 48
\BOOKMARK [0][-]{appendix*.11}{\376\377\000A\000P\000I\000\040\000R\000e\000f\000e\000r\000e\000n\000c\000e\000\040\000Q\000u\000i\000c\000k\000\040\000G\000u\000i\000d\000e}{part.7}% 49
\BOOKMARK [0][-]{appendix*.12}{\376\377\000A\000P\000I\000\040\000R\000e\000f\000e\000r\000e\000n\000c\000e\000\040\000Q\000u\000i\000c\000k\000\040\000G\000u\000i\000d\000e}{part.7}% 50
\BOOKMARK [0][-]{appendix*.13}{\376\377\000T\000i\000e\000r\000\040\000A\000\040\000S\000o\000u\000r\000c\000e\000s\000\040\000I\000n\000d\000e\000x}{part.7}% 51
\BOOKMARK [0][-]{appendix*.14}{\376\377\000T\000i\000e\000r\000\040\000A\000\040\000S\000o\000u\000r\000c\000e\000s\000\040\000I\000n\000d\000e\000x}{part.7}% 52
\BOOKMARK [0][-]{appendix*.15}{\376\377\000Q\000u\000a\000l\000i\000t\000y\000\040\000G\000a\000t\000e\000s\000\040\000R\000e\000f\000e\000r\000e\000n\000c\000e}{part.7}% 53
\BOOKMARK [0][-]{appendix*.16}{\376\377\000Q\000u\000a\000l\000i\000t\000y\000\040\000G\000a\000t\000e\000s\000\040\000R\000e\000f\000e\000r\000e\000n\000c\000e}{part.7}% 54
